// Jest Snapshot v1, https://goo.gl/fbAQLP

exports[`ActivityHistory displays the activities with the contributions 1`] = `
<div>
  <h4
    class="title"
  >
    Recent commit activity:
  </h4>
  <ul
    class="activityWrapper"
  >
    <li
      class="repo"
    >
      <p
        class="repoName"
      >
        <a
          href="http://github.com/undefined/progit2"
          target="_blank"
        >
          progit2
        </a>
      </p>
      <p>
        Commit History Times:
      </p>
      <ul
        class="commitsWrapper"
      >
        <li
          class="commitTime"
        >
          <a
            href="https://github.com/ben?tab=overview&from=2019-06-01&to=2019-06-30"
            target="_blank"
          >
            2019-06-19T07:00:00Z
          </a>
        </li>
        <li
          class="commitTime"
        >
          <a
            href="https://github.com/ben?tab=overview&from=2019-06-01&to=2019-06-30"
            target="_blank"
          >
            2019-06-14T07:00:00Z
          </a>
        </li>
        <li
          class="commitTime"
        >
          <a
            href="https://github.com/ben?tab=overview&from=2019-06-01&to=2019-06-30"
            target="_blank"
          >
            2019-06-02T07:00:00Z
          </a>
        </li>
        <li
          class="commitTime"
        >
          <a
            href="https://github.com/ben?tab=overview&from=2019-06-01&to=2019-06-30"
            target="_blank"
          >
            2019-06-01T07:00:00Z
          </a>
        </li>
        <li
          class="commitTime"
        >
          <a
            href="https://github.com/ben?tab=overview&from=2019-05-01&to=2019-05-31"
            target="_blank"
          >
            2019-05-13T07:00:00Z
          </a>
        </li>
      </ul>
    </li>
    <li
      class="repo"
    >
      <p
        class="repoName"
      >
        <a
          href="http://github.com/undefined/progit2-bg"
          target="_blank"
        >
          progit2-bg
        </a>
      </p>
      <p>
        Commit History Times:
      </p>
      <ul
        class="commitsWrapper"
      >
        <li
          class="commitTime"
        >
          <a
            href="https://github.com/ben?tab=overview&from=2019-05-01&to=2019-05-31"
            target="_blank"
          >
            2019-05-13T07:00:00Z
          </a>
        </li>
        <li
          class="commitTime"
        >
          <a
            href="https://github.com/ben?tab=overview&from=2019-04-01&to=2019-04-30"
            target="_blank"
          >
            2019-04-15T07:00:00Z
          </a>
        </li>
        <li
          class="commitTime"
        >
          <a
            href="https://github.com/ben?tab=overview&from=2019-04-01&to=2019-04-30"
            target="_blank"
          >
            2019-04-10T07:00:00Z
          </a>
        </li>
        <li
          class="commitTime"
        >
          <a
            href="https://github.com/ben?tab=overview&from=2019-04-01&to=2019-04-30"
            target="_blank"
          >
            2019-04-04T07:00:00Z
          </a>
        </li>
        <li
          class="commitTime"
        >
          <a
            href="https://github.com/ben?tab=overview&from=2019-03-01&to=2019-03-31"
            target="_blank"
          >
            2019-03-30T07:00:00Z
          </a>
        </li>
      </ul>
    </li>
    <li
      class="repo"
    >
      <p
        class="repoName"
      >
        <a
          href="http://github.com/undefined/ben.github.com"
          target="_blank"
        >
          ben.github.com
        </a>
      </p>
      <p>
        Commit History Times:
      </p>
      <ul
        class="commitsWrapper"
      >
        <li
          class="commitTime"
        >
          <a
            href="https://github.com/ben?tab=overview&from=2019-03-01&to=2019-03-31"
            target="_blank"
          >
            2019-03-11T07:00:00Z
          </a>
        </li>
        <li
          class="commitTime"
        >
          <a
            href="https://github.com/ben?tab=overview&from=2019-03-01&to=2019-03-31"
            target="_blank"
          >
            2019-03-10T08:00:00Z
          </a>
        </li>
        <li
          class="commitTime"
        >
          <a
            href="https://github.com/ben?tab=overview&from=2019-03-01&to=2019-03-31"
            target="_blank"
          >
            2019-03-09T08:00:00Z
          </a>
        </li>
        <li
          class="commitTime"
        >
          <a
            href="https://github.com/ben?tab=overview&from=2019-02-01&to=2019-02-28"
            target="_blank"
          >
            2019-02-21T08:00:00Z
          </a>
        </li>
        <li
          class="commitTime"
        >
          <a
            href="https://github.com/ben?tab=overview&from=2018-12-01&to=2018-12-31"
            target="_blank"
          >
            2018-12-12T08:00:00Z
          </a>
        </li>
      </ul>
    </li>
  </ul>
</div>
`;
